/Users/sarveshdakhore/.pyenv/versions/3.13.0/lib/python3.13/site-packages/pydub/utils.py:170: RuntimeWarning: Couldn't find ffmpeg or avconv - defaulting to ffmpeg, but may not work
  warn("Couldn't find ffmpeg or avconv - defaulting to ffmpeg, but may not work", RuntimeWarning)
2025-07-30 20:43:37,498 - __main__ - INFO - Starting AI service server on 127.0.0.1:8003
INFO:     Started server process [43257]
INFO:     Waiting for application startup.
/Users/sarveshdakhore/.pyenv/versions/3.13.0/lib/python3.13/site-packages/sklearn/base.py:442: InconsistentVersionWarning: Trying to unpickle estimator GridSearchCV from version 1.7.0 when using version 1.7.1. This might lead to breaking code or invalid results. Use at your own risk. For more info please refer to:
https://scikit-learn.org/stable/model_persistence.html#security-maintainability-limitations
  warnings.warn(
2025-07-30 20:43:37,594 - ai_server - INFO - Fluency model loaded successfully
INFO:     Application startup complete.
INFO:     Uvicorn running on http://127.0.0.1:8003 (Press CTRL+C to quit)
INFO:     127.0.0.1:54123 - "GET /health HTTP/1.1" 200 OK
INFO:     127.0.0.1:54224 - "POST /analyze HTTP/1.1" 400 Bad Request
INFO:     127.0.0.1:54226 - "POST /analyze HTTP/1.1" 400 Bad Request
INFO:     127.0.0.1:54227 - "POST /analyze HTTP/1.1" 400 Bad Request
INFO:     127.0.0.1:54289 - "POST /analyze HTTP/1.1" 200 OK
2025-07-30 20:45:25,500 - ai_server - ERROR - Analysis failed for recording test-recording-id: I/O operation on closed file.
ERROR:    Exception in ASGI application
Traceback (most recent call last):
  File "/Users/sarveshdakhore/.pyenv/versions/3.13.0/lib/python3.13/site-packages/uvicorn/protocols/http/h11_impl.py", line 403, in run_asgi
    result = await app(  # type: ignore[func-returns-value]
             ^^^^^^^^^^^^^^^^^^^^^^^^^^^^^^^^^^^^^^^^^^^^^^
        self.scope, self.receive, self.send
        ^^^^^^^^^^^^^^^^^^^^^^^^^^^^^^^^^^^
    )
    ^
  File "/Users/sarveshdakhore/.pyenv/versions/3.13.0/lib/python3.13/site-packages/uvicorn/middleware/proxy_headers.py", line 60, in __call__
    return await self.app(scope, receive, send)
           ^^^^^^^^^^^^^^^^^^^^^^^^^^^^^^^^^^^^
  File "/Users/sarveshdakhore/.pyenv/versions/3.13.0/lib/python3.13/site-packages/fastapi/applications.py", line 1054, in __call__
    await super().__call__(scope, receive, send)
  File "/Users/sarveshdakhore/.pyenv/versions/3.13.0/lib/python3.13/site-packages/starlette/applications.py", line 113, in __call__
    await self.middleware_stack(scope, receive, send)
  File "/Users/sarveshdakhore/.pyenv/versions/3.13.0/lib/python3.13/site-packages/starlette/middleware/errors.py", line 187, in __call__
    raise exc
  File "/Users/sarveshdakhore/.pyenv/versions/3.13.0/lib/python3.13/site-packages/starlette/middleware/errors.py", line 165, in __call__
    await self.app(scope, receive, _send)
  File "/Users/sarveshdakhore/.pyenv/versions/3.13.0/lib/python3.13/site-packages/starlette/middleware/cors.py", line 85, in __call__
    await self.app(scope, receive, send)
  File "/Users/sarveshdakhore/.pyenv/versions/3.13.0/lib/python3.13/site-packages/starlette/middleware/exceptions.py", line 62, in __call__
    await wrap_app_handling_exceptions(self.app, conn)(scope, receive, send)
  File "/Users/sarveshdakhore/.pyenv/versions/3.13.0/lib/python3.13/site-packages/starlette/_exception_handler.py", line 53, in wrapped_app
    raise exc
  File "/Users/sarveshdakhore/.pyenv/versions/3.13.0/lib/python3.13/site-packages/starlette/_exception_handler.py", line 42, in wrapped_app
    await app(scope, receive, sender)
  File "/Users/sarveshdakhore/.pyenv/versions/3.13.0/lib/python3.13/site-packages/starlette/routing.py", line 715, in __call__
    await self.middleware_stack(scope, receive, send)
  File "/Users/sarveshdakhore/.pyenv/versions/3.13.0/lib/python3.13/site-packages/starlette/routing.py", line 735, in app
    await route.handle(scope, receive, send)
  File "/Users/sarveshdakhore/.pyenv/versions/3.13.0/lib/python3.13/site-packages/starlette/routing.py", line 288, in handle
    await self.app(scope, receive, send)
  File "/Users/sarveshdakhore/.pyenv/versions/3.13.0/lib/python3.13/site-packages/starlette/routing.py", line 76, in app
    await wrap_app_handling_exceptions(app, request)(scope, receive, send)
  File "/Users/sarveshdakhore/.pyenv/versions/3.13.0/lib/python3.13/site-packages/starlette/_exception_handler.py", line 53, in wrapped_app
    raise exc
  File "/Users/sarveshdakhore/.pyenv/versions/3.13.0/lib/python3.13/site-packages/starlette/_exception_handler.py", line 42, in wrapped_app
    await app(scope, receive, sender)
  File "/Users/sarveshdakhore/.pyenv/versions/3.13.0/lib/python3.13/site-packages/starlette/routing.py", line 74, in app
    await response(scope, receive, send)
  File "/Users/sarveshdakhore/.pyenv/versions/3.13.0/lib/python3.13/site-packages/starlette/responses.py", line 158, in __call__
    await self.background()
  File "/Users/sarveshdakhore/.pyenv/versions/3.13.0/lib/python3.13/site-packages/starlette/background.py", line 41, in __call__
    await task()
  File "/Users/sarveshdakhore/.pyenv/versions/3.13.0/lib/python3.13/site-packages/starlette/background.py", line 26, in __call__
    await self.func(*self.args, **self.kwargs)
  File "/Users/sarveshdakhore/Desktop/GDSC/truthsense/apps/AI/ai_server.py", line 244, in process_analysis
    if temp_file and os.path.exists(temp_audio_path):
                                    ^^^^^^^^^^^^^^^
UnboundLocalError: cannot access local variable 'temp_audio_path' where it is not associated with a value
INFO:     127.0.0.1:54294 - "POST /analyze HTTP/1.1" 200 OK
2025-07-30 20:45:30,518 - ai_server - ERROR - Analysis failed for recording test-recording-id: I/O operation on closed file.
ERROR:    Exception in ASGI application
Traceback (most recent call last):
  File "/Users/sarveshdakhore/.pyenv/versions/3.13.0/lib/python3.13/site-packages/uvicorn/protocols/http/h11_impl.py", line 403, in run_asgi
    result = await app(  # type: ignore[func-returns-value]
             ^^^^^^^^^^^^^^^^^^^^^^^^^^^^^^^^^^^^^^^^^^^^^^
        self.scope, self.receive, self.send
        ^^^^^^^^^^^^^^^^^^^^^^^^^^^^^^^^^^^
    )
    ^
  File "/Users/sarveshdakhore/.pyenv/versions/3.13.0/lib/python3.13/site-packages/uvicorn/middleware/proxy_headers.py", line 60, in __call__
    return await self.app(scope, receive, send)
           ^^^^^^^^^^^^^^^^^^^^^^^^^^^^^^^^^^^^
  File "/Users/sarveshdakhore/.pyenv/versions/3.13.0/lib/python3.13/site-packages/fastapi/applications.py", line 1054, in __call__
    await super().__call__(scope, receive, send)
  File "/Users/sarveshdakhore/.pyenv/versions/3.13.0/lib/python3.13/site-packages/starlette/applications.py", line 113, in __call__
    await self.middleware_stack(scope, receive, send)
  File "/Users/sarveshdakhore/.pyenv/versions/3.13.0/lib/python3.13/site-packages/starlette/middleware/errors.py", line 187, in __call__
    raise exc
  File "/Users/sarveshdakhore/.pyenv/versions/3.13.0/lib/python3.13/site-packages/starlette/middleware/errors.py", line 165, in __call__
    await self.app(scope, receive, _send)
  File "/Users/sarveshdakhore/.pyenv/versions/3.13.0/lib/python3.13/site-packages/starlette/middleware/cors.py", line 85, in __call__
    await self.app(scope, receive, send)
  File "/Users/sarveshdakhore/.pyenv/versions/3.13.0/lib/python3.13/site-packages/starlette/middleware/exceptions.py", line 62, in __call__
    await wrap_app_handling_exceptions(self.app, conn)(scope, receive, send)
  File "/Users/sarveshdakhore/.pyenv/versions/3.13.0/lib/python3.13/site-packages/starlette/_exception_handler.py", line 53, in wrapped_app
    raise exc
  File "/Users/sarveshdakhore/.pyenv/versions/3.13.0/lib/python3.13/site-packages/starlette/_exception_handler.py", line 42, in wrapped_app
    await app(scope, receive, sender)
  File "/Users/sarveshdakhore/.pyenv/versions/3.13.0/lib/python3.13/site-packages/starlette/routing.py", line 715, in __call__
    await self.middleware_stack(scope, receive, send)
  File "/Users/sarveshdakhore/.pyenv/versions/3.13.0/lib/python3.13/site-packages/starlette/routing.py", line 735, in app
    await route.handle(scope, receive, send)
  File "/Users/sarveshdakhore/.pyenv/versions/3.13.0/lib/python3.13/site-packages/starlette/routing.py", line 288, in handle
    await self.app(scope, receive, send)
  File "/Users/sarveshdakhore/.pyenv/versions/3.13.0/lib/python3.13/site-packages/starlette/routing.py", line 76, in app
    await wrap_app_handling_exceptions(app, request)(scope, receive, send)
  File "/Users/sarveshdakhore/.pyenv/versions/3.13.0/lib/python3.13/site-packages/starlette/_exception_handler.py", line 53, in wrapped_app
    raise exc
  File "/Users/sarveshdakhore/.pyenv/versions/3.13.0/lib/python3.13/site-packages/starlette/_exception_handler.py", line 42, in wrapped_app
    await app(scope, receive, sender)
  File "/Users/sarveshdakhore/.pyenv/versions/3.13.0/lib/python3.13/site-packages/starlette/routing.py", line 74, in app
    await response(scope, receive, send)
  File "/Users/sarveshdakhore/.pyenv/versions/3.13.0/lib/python3.13/site-packages/starlette/responses.py", line 158, in __call__
    await self.background()
  File "/Users/sarveshdakhore/.pyenv/versions/3.13.0/lib/python3.13/site-packages/starlette/background.py", line 41, in __call__
    await task()
  File "/Users/sarveshdakhore/.pyenv/versions/3.13.0/lib/python3.13/site-packages/starlette/background.py", line 26, in __call__
    await self.func(*self.args, **self.kwargs)
  File "/Users/sarveshdakhore/Desktop/GDSC/truthsense/apps/AI/ai_server.py", line 244, in process_analysis
    if temp_file and os.path.exists(temp_audio_path):
                                    ^^^^^^^^^^^^^^^
UnboundLocalError: cannot access local variable 'temp_audio_path' where it is not associated with a value
INFO:     127.0.0.1:54297 - "POST /analyze HTTP/1.1" 200 OK
2025-07-30 20:45:35,529 - ai_server - ERROR - Analysis failed for recording test-recording-id: I/O operation on closed file.
ERROR:    Exception in ASGI application
Traceback (most recent call last):
  File "/Users/sarveshdakhore/.pyenv/versions/3.13.0/lib/python3.13/site-packages/uvicorn/protocols/http/h11_impl.py", line 403, in run_asgi
    result = await app(  # type: ignore[func-returns-value]
             ^^^^^^^^^^^^^^^^^^^^^^^^^^^^^^^^^^^^^^^^^^^^^^
        self.scope, self.receive, self.send
        ^^^^^^^^^^^^^^^^^^^^^^^^^^^^^^^^^^^
    )
    ^
  File "/Users/sarveshdakhore/.pyenv/versions/3.13.0/lib/python3.13/site-packages/uvicorn/middleware/proxy_headers.py", line 60, in __call__
    return await self.app(scope, receive, send)
           ^^^^^^^^^^^^^^^^^^^^^^^^^^^^^^^^^^^^
  File "/Users/sarveshdakhore/.pyenv/versions/3.13.0/lib/python3.13/site-packages/fastapi/applications.py", line 1054, in __call__
    await super().__call__(scope, receive, send)
  File "/Users/sarveshdakhore/.pyenv/versions/3.13.0/lib/python3.13/site-packages/starlette/applications.py", line 113, in __call__
    await self.middleware_stack(scope, receive, send)
  File "/Users/sarveshdakhore/.pyenv/versions/3.13.0/lib/python3.13/site-packages/starlette/middleware/errors.py", line 187, in __call__
    raise exc
  File "/Users/sarveshdakhore/.pyenv/versions/3.13.0/lib/python3.13/site-packages/starlette/middleware/errors.py", line 165, in __call__
    await self.app(scope, receive, _send)
  File "/Users/sarveshdakhore/.pyenv/versions/3.13.0/lib/python3.13/site-packages/starlette/middleware/cors.py", line 85, in __call__
    await self.app(scope, receive, send)
  File "/Users/sarveshdakhore/.pyenv/versions/3.13.0/lib/python3.13/site-packages/starlette/middleware/exceptions.py", line 62, in __call__
    await wrap_app_handling_exceptions(self.app, conn)(scope, receive, send)
  File "/Users/sarveshdakhore/.pyenv/versions/3.13.0/lib/python3.13/site-packages/starlette/_exception_handler.py", line 53, in wrapped_app
    raise exc
  File "/Users/sarveshdakhore/.pyenv/versions/3.13.0/lib/python3.13/site-packages/starlette/_exception_handler.py", line 42, in wrapped_app
    await app(scope, receive, sender)
  File "/Users/sarveshdakhore/.pyenv/versions/3.13.0/lib/python3.13/site-packages/starlette/routing.py", line 715, in __call__
    await self.middleware_stack(scope, receive, send)
  File "/Users/sarveshdakhore/.pyenv/versions/3.13.0/lib/python3.13/site-packages/starlette/routing.py", line 735, in app
    await route.handle(scope, receive, send)
  File "/Users/sarveshdakhore/.pyenv/versions/3.13.0/lib/python3.13/site-packages/starlette/routing.py", line 288, in handle
    await self.app(scope, receive, send)
  File "/Users/sarveshdakhore/.pyenv/versions/3.13.0/lib/python3.13/site-packages/starlette/routing.py", line 76, in app
    await wrap_app_handling_exceptions(app, request)(scope, receive, send)
  File "/Users/sarveshdakhore/.pyenv/versions/3.13.0/lib/python3.13/site-packages/starlette/_exception_handler.py", line 53, in wrapped_app
    raise exc
  File "/Users/sarveshdakhore/.pyenv/versions/3.13.0/lib/python3.13/site-packages/starlette/_exception_handler.py", line 42, in wrapped_app
    await app(scope, receive, sender)
  File "/Users/sarveshdakhore/.pyenv/versions/3.13.0/lib/python3.13/site-packages/starlette/routing.py", line 74, in app
    await response(scope, receive, send)
  File "/Users/sarveshdakhore/.pyenv/versions/3.13.0/lib/python3.13/site-packages/starlette/responses.py", line 158, in __call__
    await self.background()
  File "/Users/sarveshdakhore/.pyenv/versions/3.13.0/lib/python3.13/site-packages/starlette/background.py", line 41, in __call__
    await task()
  File "/Users/sarveshdakhore/.pyenv/versions/3.13.0/lib/python3.13/site-packages/starlette/background.py", line 26, in __call__
    await self.func(*self.args, **self.kwargs)
  File "/Users/sarveshdakhore/Desktop/GDSC/truthsense/apps/AI/ai_server.py", line 244, in process_analysis
    if temp_file and os.path.exists(temp_audio_path):
                                    ^^^^^^^^^^^^^^^
UnboundLocalError: cannot access local variable 'temp_audio_path' where it is not associated with a value
